00:00 +0: loading /home/bokl2002/Abdullah/Work/word-flow/test/widget/core/app_text_test.dart
00:00 +0: /home/bokl2002/Abdullah/Work/word-flow/test/widget/core/app_text_test.dart: AppText renders text
00:00 +1: /home/bokl2002/Abdullah/Work/word-flow/test/widget/core/status_view_test.dart: StatusView shows loading widget by default
00:00 +2: /home/bokl2002/Abdullah/Work/word-flow/test/widget/core/status_view_test.dart: StatusView shows loading widget by default
00:00 +3: /home/bokl2002/Abdullah/Work/word-flow/test/widget/core/status_view_test.dart: StatusView shows loading widget by default
00:00 +4: /home/bokl2002/Abdullah/Work/word-flow/test/widget/core/status_view_test.dart: StatusView shows loading widget by default
00:00 +5: /home/bokl2002/Abdullah/Work/word-flow/test/widget/core/status_view_test.dart: StatusView shows loading widget by default
00:00 +6: /home/bokl2002/Abdullah/Work/word-flow/test/widget/core/status_view_test.dart: StatusView shows loading widget by default
00:00 +7: /home/bokl2002/Abdullah/Work/word-flow/test/widget/core/status_view_test.dart: StatusView shows loading widget by default
00:00 +8: /home/bokl2002/Abdullah/Work/word-flow/test/widget/core/app_button_test.dart: AppButton renders label and is pressable
00:00 +9: /home/bokl2002/Abdullah/Work/word-flow/test/widget/core/app_button_test.dart: AppButton renders label and is pressable
00:00 +10: /home/bokl2002/Abdullah/Work/word-flow/test/widget/core/app_button_test.dart: AppButton renders label and is pressable
00:00 +11: /home/bokl2002/Abdullah/Work/word-flow/test/widget/core/app_button_test.dart: AppButton renders label and is pressable
00:00 +12: /home/bokl2002/Abdullah/Work/word-flow/test/widget/core/app_button_test.dart: AppButton renders label and is pressable
00:01 +13: /home/bokl2002/Abdullah/Work/word-flow/test/widget/core/app_button_test.dart: AppButton renders label and is pressable
00:01 +14: /home/bokl2002/Abdullah/Work/word-flow/test/widget/core/app_button_test.dart: AppButton renders label and is pressable
00:01 +15: /home/bokl2002/Abdullah/Work/word-flow/test/widget/core/app_button_test.dart: AppButton renders label and is pressable
00:01 +16: /home/bokl2002/Abdullah/Work/word-flow/test/widget/core/app_button_test.dart: AppButton renders label and is pressable
00:01 +17: /home/bokl2002/Abdullah/Work/word-flow/test/widget/core/app_button_test.dart: AppButton shows loading indicator when isLoading=true
00:01 +18: /home/bokl2002/Abdullah/Work/word-flow/test/widget/core/app_button_test.dart: AppButton shows loading indicator when isLoading=true
00:01 +19: /home/bokl2002/Abdullah/Work/word-flow/test/widget/core/app_button_test.dart: AppButton shows loading indicator when isLoading=true
00:01 +20: /home/bokl2002/Abdullah/Work/word-flow/test/unit/domain/usecases/add_word_manually_test.dart: AddWordManually delegates to repository when valid
00:01 +21: /home/bokl2002/Abdullah/Work/word-flow/test/widget/core/app_button_test.dart: AppButton disabled button has null onPressed
00:01 +22: /home/bokl2002/Abdullah/Work/word-flow/test/widget/core/app_button_test.dart: AppButton disabled button has null onPressed
00:01 +23: /home/bokl2002/Abdullah/Work/word-flow/test/unit/core/bloc_status_test.dart: BlocStatus initial state returns correct status
00:01 +24: /home/bokl2002/Abdullah/Work/word-flow/test/unit/core/bloc_status_test.dart: BlocStatus loading state returns correct status
00:01 +25: /home/bokl2002/Abdullah/Work/word-flow/test/unit/core/bloc_status_test.dart: BlocStatus success state requires data
00:01 +26: /home/bokl2002/Abdullah/Work/word-flow/test/unit/core/bloc_status_test.dart: BlocStatus failure state requires error message
00:01 +27: /home/bokl2002/Abdullah/Work/word-flow/test/unit/core/bloc_status_test.dart: BlocStatus empty state preserves optional data
00:01 +28: /home/bokl2002/Abdullah/Work/word-flow/test/unit/core/bloc_status_test.dart: BlocStatus Equatable props include status, error, and data
00:01 +29: /home/bokl2002/Abdullah/Work/word-flow/test/unit/core/text_processor_test.dart: TextProcessor._tokenizeAndCount via process() returns empty map for empty input
00:01 +30: /home/bokl2002/Abdullah/Work/word-flow/test/unit/core/text_processor_test.dart: TextProcessor._tokenizeAndCount via process() returns empty map for whitespace-only input
00:01 +31: /home/bokl2002/Abdullah/Work/word-flow/test/unit/core/text_processor_test.dart: TextProcessor._tokenizeAndCount via process() counts word frequencies correctly
00:01 +32: /home/bokl2002/Abdullah/Work/word-flow/test/unit/core/text_processor_test.dart: TextProcessor._tokenizeAndCount via process() normalizes to lowercase
00:01 +33: /home/bokl2002/Abdullah/Work/word-flow/test/unit/core/text_processor_test.dart: TextProcessor._tokenizeAndCount via process() removes punctuation
00:01 +34: /home/bokl2002/Abdullah/Work/word-flow/test/unit/core/text_processor_test.dart: TextProcessor._tokenizeAndCount via process() preserves apostrophes in contractions
00:01 +35: /home/bokl2002/Abdullah/Work/word-flow/test/unit/core/text_processor_test.dart: TextProcessor._tokenizeAndCount via process() removes surrounding apostrophes
00:01 +36: /home/bokl2002/Abdullah/Work/word-flow/test/unit/core/text_processor_test.dart: TextProcessor._tokenizeAndCount via process() filters tokens without letters
00:01 +37: /home/bokl2002/Abdullah/Work/word-flow/test/unit/core/text_processor_test.dart: TextProcessor._tokenizeAndCount via process() removes URLs
00:01 +38: /home/bokl2002/Abdullah/Work/word-flow/test/unit/core/text_processor_test.dart: TextProcessor.summarizeAnalysis computes counts and sorts by local frequency
00:01 +39: /home/bokl2002/Abdullah/Work/word-flow/test/unit/core/text_processor_test.dart: TextProcessor.totalTokenCount returns 0 for empty map
00:01 +40: /home/bokl2002/Abdullah/Work/word-flow/test/unit/core/text_processor_test.dart: TextProcessor.totalTokenCount sums all frequencies
00:01 +41: /home/bokl2002/Abdullah/Work/word-flow/test/bloc/lexicon_bloc_test.dart: AddWordManually returns validation failure when text is empty
00:01 +42: /home/bokl2002/Abdullah/Work/word-flow/test/bloc/lexicon_bloc_test.dart: AddWordManually returns validation failure when text is too short
00:01 +43: /home/bokl2002/Abdullah/Work/word-flow/test/bloc/lexicon_bloc_test.dart: LexiconStats empty stats has correct values
00:02 +44: /home/bokl2002/Abdullah/Work/word-flow/test/bloc/analyzer_bloc_test.dart: (setUpAll)
00:02 +44: /home/bokl2002/Abdullah/Work/word-flow/test/bloc/analyzer_bloc_test.dart: AnalyzerBloc emits loading then success on StartAnalysis
00:02 +45: /home/bokl2002/Abdullah/Work/word-flow/test/bloc/analyzer_bloc_test.dart: AnalyzerBloc emits loading then failure on error
00:02 +46: /home/bokl2002/Abdullah/Work/word-flow/test/bloc/analyzer_bloc_test.dart: AnalyzerBloc emits reset state on ResetAnalysis
00:02 +47: /home/bokl2002/Abdullah/Work/word-flow/test/bloc/analyzer_bloc_test.dart: AnalyzerBloc toggles a single word without rescanning the whole result
00:02 +47 -1: /home/bokl2002/Abdullah/Work/word-flow/test/bloc/analyzer_bloc_test.dart: AnalyzerBloc toggles a single word without rescanning the whole result [E]
  Expected: [
              <<Instance of 'AnalyzerState'> with `isSuccess`: <true> and `knownWords`: <7> and `unknownWords`: <3> and `first word isKnown`: <true>>
            ]
    Actual: [
              AnalyzerState:AnalyzerState(BlocStatus<AnalysisResult>(StateStatus.success, null, AnalysisResult(id: 1, title: Test, totalWords: 10, uniqueWords: 2, unknownWords: 0, knownWords: 10, newWordsCount: 0, words: [WordWithLocalFreq(WordEntity(1, alpha, 4, true, null, null, null, null, null, null), 4), WordWithLocalFreq(WordEntity(2, beta, 6, true, null, null, null, null, null, null), 6)])))
            ]
     Which: at location [0] is AnalyzerState:<AnalyzerState(BlocStatus<AnalysisResult>(StateStatus.success, null, AnalysisResult(id: 1, title: Test, totalWords: 10, uniqueWords: 2, unknownWords: 0, knownWords: 10, newWordsCount: 0, words: [WordWithLocalFreq(WordEntity(1, alpha, 4, true, null, null, null, null, null, null), 4), WordWithLocalFreq(WordEntity(2, beta, 6, true, null, null, null, null, null, null), 6)])))> which has `knownWords` with value <10>
  
  package:matcher                              expect
  package:bloc_test/src/bloc_test.dart 218:16  testBloc.<fn>
  ===== asynchronous gap ===========================
  dart:async                                   _Completer.completeError
  package:bloc_test/src/bloc_test.dart 255:43  _runZonedGuarded.<fn>
  ===== asynchronous gap ===========================
  dart:async                                   _CustomZone.registerBinaryCallback
  package:bloc_test/src/bloc_test.dart 252:5   _runZonedGuarded.<fn>
  dart:async                                   runZonedGuarded
  package:bloc_test/src/bloc_test.dart 251:3   _runZonedGuarded
  package:bloc_test/src/bloc_test.dart 198:11  testBloc
  package:bloc_test/src/bloc_test.dart 156:13  blocTest.<fn>
  
00:02 +47 -1: /home/bokl2002/Abdullah/Work/word-flow/test/bloc/analyzer_bloc_test.dart: (tearDownAll)
00:02 +47 -1: /home/bokl2002/Abdullah/Work/word-flow/test/bloc/history_bloc_test.dart: HistoryBloc starts with initial state
00:02 +48 -1: /home/bokl2002/Abdullah/Work/word-flow/test/bloc/history_bloc_test.dart: HistoryBloc emits [loading, success] when LoadHistory succeeds
00:02 +49 -1: /home/bokl2002/Abdullah/Work/word-flow/test/bloc/history_bloc_test.dart: HistoryBloc emits [loading, failure] when LoadHistory fails
00:02 +50 -1: /home/bokl2002/Abdullah/Work/word-flow/test/bloc/history_bloc_test.dart: HistoryBloc calls deleteHistoryItem when DeleteHistoryItemEvent is added
00:02 +51 -1: Some tests failed.
